# w - wall
# p - player
# e - empty cell
# All strings that starts with '#' are skipped
# Size = 60 x 20
weeeeeeeeeeeeeeeeeeeeeeeeeeeeeeeeeeeeeeeeeeeeeeeeeeeeeeeeeew
weeeeeeeeeeeeeeeeeeeeeeeeeeeeeeeeeeeeeeeeeeeeeeeeeeeeeeeeeew
weeeeeeeeeeeeeeeeeeeeeeeeeeeeeeeeeeeeeeeeeeeeeeeeeeeeeeeeeew
weeeeeeeeeeeeeeeeeeeeeeeeeeeeeeeeeeeeeeeeeeeeeeeeeeeeeeeeeew
weeeeeeeeeewwwwwwwwweeeeeeeeeeeeeeeeewwwwwwwweeeeeeeeeeeeeew
weeeeeeewwweeeeeeeeewwweeeeeeeeeeewwweeeeeeeewwweeeeeeeeeeew
weeeeeeeeeeeeeeeeeeeeeeeeeeeeeeeeeeeeeeeeeeeeeeeeeeeeeeeeeew
weeeeeeewwwwwwwwwwwwwwweeeeeeeeeeewwwwwwwwwwwwwweeeeeeeeeeew
weeeeeeewewwweeeeeeeeeweeeeeeeeeeewewwweeeeeeeeweeeeeeeeeeew
weeeeeeewewwweeeeeeeeeweeeeeeeeeeewewwweeeeeeeeweeeeeeeeeeew
weeeeeeewwwwwwwwwwwwwwweeeeeeeeeeewwwwwwwwwwwwwweeeeeeeeeeew
weeeeeeeeeeeeeeeeeeeeeeeeeeeeeeeeeeeeeeeeeeeeeeeeeeeeeeeeeew
weeeeeeeeeeeeeeeeeeeeeeeeeeeeeeeeeeeeeeeeeeeeeeeeeeeeeeeeeew
weeeeeeeeeeeeeeeeeeeeeeeeeeeeeeeeeeeeeeeeeeeeeeeeeeeeeeeeeew
weeeeeeeeeeeeeeeeeeeeeewwwwwwwwwwweeeeeeeeeeeeeeeeeeeeeeeeew
weeeeeeeeeeeeeeeeeeeeeeeeeeeeeeeeeeeeeeeeeeeeeeeeeeeeeeeeeew
weeeeeeeeeeeeeeeeeeeeeeeeeeeeeeeeeeeeeeeeeeeeeeeeeeeeeeeeeew
weeeeeeeeeeeeeeeeeeeeeeeeeeeeeeeeeeeeeeeeeeeeeeeeeeeeeeeeeew
weeeeeeeeeeeeeeeeeeeeeeeeeeeeeeeeeeeeeeeeeeeeeeeeeeeeeeeeeew
weeeeeeeeeeeeeeeeeeeeeeeeeeeeeeeeeeeeeeeeeeeeeeeeeeeeeeeeeew
wwwwwwwwwwwwwwwwwwwwwwwwwwwwwwwwwwwwwwwwwwwwwwwwwwwwwwwwwwww
